tests/test_mate_certificates.py::test_exact_mate_solver_correct_mover_value_full_support_and_fixed_budget[7k/5Q2/6K1/8/8/8/8/8 w - - 0 1-True]
tests/test_mate_certificates.py::test_exact_mate_solver_correct_mover_value_full_support_and_fixed_budget[8/8/8/8/8/6k1/5q2/7K b - - 0 1-False]
tests/test_mate_certificates.py::test_all_exact_mates_are_reported_and_multi_mate_policy_never_leaves_wins
tests/test_mate_certificates.py::test_stalemate_draw_and_claimable_root_do_not_create_mate_certificates
tests/test_mate_certificates.py::test_certificate_scan_preserves_cached_board_and_full_history
tests/test_mate_certificates.py::test_nonterminal_nonmate_root_keeps_existing_search_schedule
tests/test_mate_certificates.py::test_visited_loss_certificate_checks_only_visited_nonterminal_children_and_shields_support
tests/test_mate_certificates.py::test_visited_loss_certificates_skip_terminal_children_and_claimable_roots
tests/test_mate_certificates.py::test_visited_loss_shield_win_precedence_all_loss_and_unknown_fallback_ties
tests/test_mate_certificates.py::test_visited_loss_certificate_rejects_illegal_candidate_and_keeps_rng_free_search_budget
tests/test_ownsearch_stage.py::test_schedule_before_outcomes_uses_separate_rng_and_both_parities
tests/test_ownsearch_stage.py::test_unknown_and_illegal_zero_gradient_terminal_white_black_pov
tests/test_ownsearch_stage.py::test_actual_e8_native_partial_rejection_and_unused_storage
tests/test_ownsearch_stage.py::test_real_fresh_process_two_vs_pause_one_resume_two_native_bytes[cpu]
tests/test_ownsearch_stage.py::test_real_fresh_process_two_vs_pause_one_resume_two_native_bytes[cuda:0]
tests/test_ownsearch_stage.py::test_rejected_pass_restores_model_adam_globals_and_both_sampler_rngs
tests/test_ownsearch_stage.py::test_closed_ledger_schedule_tamper_rejected
tests/test_ownsearch_stage.py::test_zero_search_selection_still_trains_fresh_known_outcomes
tests/test_ownsearch_stage.py::test_known_terminal_root_never_calls_network_both_movers[7k/6Q1/5K2/8/8/8/8/8 b - - 0 1]
tests/test_ownsearch_stage.py::test_known_terminal_root_never_calls_network_both_movers[8/8/8/8/8/5k2/6q1/7K w - - 0 1]
tests/test_ownsearch_stage.py::test_same_record_policy_CE_zero_ablation_changes_only_policy_term
tests/test_search_acting_stage.py::test_schedule_before_outcomes_uses_separate_rng_and_both_parities
tests/test_search_acting_stage.py::test_unknown_and_illegal_zero_gradient_terminal_white_black_pov
tests/test_search_acting_stage.py::test_actual_e8_native_partial_rejection_and_unused_storage
tests/test_search_acting_stage.py::test_real_fresh_process_two_vs_pause_one_resume_two_native_bytes[cpu]
tests/test_search_acting_stage.py::test_real_fresh_process_two_vs_pause_one_resume_two_native_bytes[cuda:0]
tests/test_search_acting_stage.py::test_rejected_pass_restores_model_adam_globals_and_both_sampler_rngs[cpu]
tests/test_search_acting_stage.py::test_rejected_pass_restores_model_adam_globals_and_both_sampler_rngs[cuda:0]
tests/test_search_acting_stage.py::test_closed_ledger_schedule_tamper_rejected
tests/test_search_acting_stage.py::test_zero_search_selection_still_trains_fresh_known_outcomes
tests/test_search_acting_stage.py::test_known_terminal_root_never_calls_network_both_movers[7k/6Q1/5K2/8/8/8/8/8 b - - 0 1]
tests/test_search_acting_stage.py::test_known_terminal_root_never_calls_network_both_movers[8/8/8/8/8/5k2/6q1/7K w - - 0 1]
tests/test_search_acting_stage.py::test_same_record_policy_CE_zero_ablation_changes_only_policy_term
tests/test_search_acting_stage.py::test_preaction_masked_search_and_actual_mu_raw_pi_archive
tests/test_search_acting_stage.py::test_v1_native_and_non_e8_fresh_rejected
tests/test_search_acting_stage.py::test_completed_own_outcomes_and_caps_use_rules_not_search_value
tests/test_search_acting_stage.py::test_real_e8_raw_reference_kl_zero_despite_search_mu_at_same_point02_gate
tests/test_ownsearch_cache8192.py::test_only_ownsearch_fresh_and_resume_before_validation_use8192
tests/test_ownsearch_cache8192.py::test_full_gumbel_e8_matches_source428_on_18_full_histories_and_draw_modes
tests/test_ownsearch_cache8192.py::test_old_and_cache_native_journals_all_rng_exact_and_fresh_resume[cpu]
tests/test_ownsearch_cache8192.py::test_old_and_cache_native_journals_all_rng_exact_and_fresh_resume[cuda:0]
tests/test_torch_array_encoder.py::test_all104_float32_storage_both_perspectives_history_and_rules[rnbqkbnr/pppppppp/8/8/8/8/PPPPPPPP/RNBQKBNR w KQkq - 0 1-e2e4 a7a6 e4e5 d7d5 e5d6]
tests/test_torch_array_encoder.py::test_all104_float32_storage_both_perspectives_history_and_rules[r3k2r/8/8/8/8/8/8/R3K2R w KQkq - 0 1-e1g1 e8c8]
tests/test_torch_array_encoder.py::test_all104_float32_storage_both_perspectives_history_and_rules[7k/P7/8/8/8/8/8/7K w - - 0 1-a7a8n]
tests/test_torch_array_encoder.py::test_all104_float32_storage_both_perspectives_history_and_rules[7k/8/8/8/8/8/8/R6K w - - 99 1-a1a2 h8g8]
tests/test_torch_array_encoder.py::test_all104_float32_storage_both_perspectives_history_and_rules[rnbqkbnr/pppppppp/8/8/8/8/PPPPPPPP/RNBQKBNR w KQkq - 0 1-g1f3 g8f6 f3g1 f6g8 g1f3 g8f6 f3g1 f6g8]
tests/test_torch_array_encoder.py::test_real_e8_masked_cpu_outputs_storage_and_rng_unchanged
tests/test_torch_array_encoder.py::test_private_array_learner_counterfactual_and_fresh_resume_all_payloads[cpu]
tests/test_torch_array_encoder.py::test_private_array_learner_counterfactual_and_fresh_resume_all_payloads[cuda:0]
tests/test_opening_validation_dedup.py::test_duplicate_metadata_still_validated[fen]
tests/test_opening_validation_dedup.py::test_duplicate_metadata_still_validated[root_ply]
tests/test_opening_validation_dedup.py::test_duplicate_metadata_still_validated[source_game]
tests/test_opening_validation_dedup.py::test_illegal_duplicate_not_cached_as_valid
tests/test_opening_validation_dedup.py::test_fullhistory_not_fen_identity_and_claim_repetition
tests/test_opening_validation_dedup.py::test_order_aliases_rng_restore_and_board_isolation
tests/test_opening_validation_dedup.py::test_invalid_root_is_not_hidden_by_other_valid_root
tests/test_opening_validation_dedup.py::test_duplicate_terminal_state_rejected
tests/test_opening_validation_dedup.py::test_duplicate_special_state_preserves_exact_legal_history[moves0]
tests/test_opening_validation_dedup.py::test_duplicate_special_state_preserves_exact_legal_history[moves1]
experiments/ufuk/own-terminal-visited-loss/frozen-helper-v1/test_method8_certified_audit.py::test_independent_fullhistory_checker_reports_all_winning_moves_and_perspective
experiments/ufuk/own-terminal-visited-loss/frozen-helper-v1/test_method8_certified_audit.py::test_claimable_draw_root_has_empty_certificate_inventory
experiments/ufuk/own-terminal-visited-loss/frozen-helper-v1/test_method8_certified_audit.py::test_both_search_engines_honor_claim_draw_for_full_history
experiments/ufuk/own-terminal-visited-loss/frozen-helper-v1/test_method8_certified_audit.py::test_corrupt_certified_root_receipt_mutations_are_rejected
experiments/ufuk/own-terminal-visited-loss/frozen-helper-v1/test_method8_controls.py::test_fixed_source_epoch_seed_and_same_training_hyperparameters
experiments/ufuk/own-terminal-visited-loss/frozen-helper-v1/test_method8_controls.py::test_actual_baseline_and_final_argparse_do_not_use_missing_runtime_seeds
experiments/ufuk/own-terminal-visited-loss/frozen-helper-v1/test_method8_controls.py::test_source8_training_evidence_requires_actual_certificate_and_old_source_rejected
experiments/ufuk/own-terminal-visited-loss/frozen-helper-v1/test_method8_controls.py::test_actual_unit_inventory_old428_or_skip_cannot_qualify_source8
experiments/ufuk/own-terminal-visited-loss/frozen-helper-v1/test_method8_controls.py::test_helper_manifest_inventory_matches_certificate_guard_six_names
experiments/ufuk/own-terminal-visited-loss/frozen-helper-v1/test_method8_controls.py::test_strength_statistical_functions_and_threshold_function_unchanged
experiments/ufuk/own-terminal-visited-loss/frozen-helper-v1/test_method8_controls.py::test_new_cutoffs_and_physical_phase_cap
experiments/ufuk/own-terminal-visited-loss/frozen-helper-v1/test_method8_controls.py::test_receipt_slot7_and_native_v2_ledger_v3_are_honest
experiments/ufuk/own-terminal-visited-loss/frozen-helper-v1/test_method8_controls.py::test_actual_owner_factory_cli_has_no_output_sha_and_binds_six_audit_helpers
experiments/ufuk/own-terminal-visited-loss/frozen-helper-v1/test_method8_controls.py::test_every_post_launch_runtime_call_binds_actual_signature
experiments/ufuk/own-terminal-visited-loss/frozen-helper-v1/test_method8_controls.py::test_actual_failed428_ancestor_never_becomes_qualified_and_clock_is_not_reset
experiments/ufuk/own-terminal-visited-loss/frozen-helper-v1/test_loss_inventory_independent.py::test_exact_fullhistory_loss_witness_and_honest_final_policy
experiments/ufuk/own-terminal-visited-loss/frozen-helper-v1/test_loss_inventory_independent.py::test_corruption_rejected[certified_losing_actions-value0]
experiments/ufuk/own-terminal-visited-loss/frozen-helper-v1/test_loss_inventory_independent.py::test_corruption_rejected[visited_loss_checked_actions-value1]
experiments/ufuk/own-terminal-visited-loss/frozen-helper-v1/test_loss_inventory_independent.py::test_corruption_rejected[selected_action-g1h1]
experiments/ufuk/own-terminal-visited-loss/frozen-helper-v1/test_loss_inventory_independent.py::test_corruption_rejected[loss_shield_epsilon-1e-06]
experiments/ufuk/own-terminal-visited-loss/frozen-helper-v1/test_loss_inventory_independent.py::test_corruption_rejected[loss_shield_status-safe]
experiments/ufuk/own-terminal-visited-loss/frozen-helper-v1/test_loss_inventory_independent.py::test_corruption_rejected[raw_search_policy-value5]
experiments/ufuk/own-terminal-visited-loss/frozen-helper-v1/test_actual_epoch_report_loop.py::test_actual_certificate_loop_preserves_native_epoch[1-15]
experiments/ufuk/own-terminal-visited-loss/frozen-helper-v1/test_actual_epoch_report_loop.py::test_actual_certificate_loop_preserves_native_epoch[1-32767]
experiments/ufuk/own-terminal-visited-loss/frozen-helper-v1/test_actual_epoch_report_loop.py::test_actual_certificate_loop_preserves_native_epoch[2-127]
experiments/ufuk/own-terminal-visited-loss/frozen-helper-v1/test_actual_epoch_report_loop.py::test_actual_certificate_loop_preserves_native_epoch[8-32767]
experiments/ufuk/own-terminal-visited-loss/frozen-helper-v1/test_actual_epoch_report_loop.py::test_actual_certificate_loop_preserves_native_epoch[8-728]
experiments/ufuk/own-terminal-visited-loss/frozen-helper-v1/test_unit_inventory_v3.py::test_exact_frozen_identity_with_one_empty_external_classname
experiments/ufuk/own-terminal-visited-loss/frozen-helper-v1/test_unit_inventory_v3.py::test_corrupt_or_ambiguous_identity_rejected[duplicate]
experiments/ufuk/own-terminal-visited-loss/frozen-helper-v1/test_unit_inventory_v3.py::test_corrupt_or_ambiguous_identity_rejected[wrong_module]
experiments/ufuk/own-terminal-visited-loss/frozen-helper-v1/test_unit_inventory_v3.py::test_corrupt_or_ambiguous_identity_rejected[wrong_name]
experiments/ufuk/own-terminal-visited-loss/frozen-helper-v1/test_unit_inventory_v3.py::test_corrupt_or_ambiguous_identity_rejected[failure]
experiments/ufuk/own-terminal-visited-loss/frozen-helper-v1/test_unit_inventory_v3.py::test_corrupt_or_ambiguous_identity_rejected[error]
experiments/ufuk/own-terminal-visited-loss/frozen-helper-v1/test_unit_inventory_v3.py::test_corrupt_or_ambiguous_identity_rejected[skipped]
experiments/ufuk/own-terminal-visited-loss/frozen-helper-v1/test_unit_inventory_v3.py::test_corrupt_or_ambiguous_identity_rejected[wrong_count]
experiments/ufuk/own-terminal-visited-loss/frozen-helper-v1/test_unit_inventory_v3.py::test_corrupt_or_ambiguous_identity_rejected[ambiguous_external]

95 tests collected in 1.30s
result 0
