tests/test_mate_certificates.py::test_exact_mate_solver_correct_mover_value_full_support_and_fixed_budget[7k/5Q2/6K1/8/8/8/8/8 w - - 0 1-True]
tests/test_mate_certificates.py::test_exact_mate_solver_correct_mover_value_full_support_and_fixed_budget[8/8/8/8/8/6k1/5q2/7K b - - 0 1-False]
tests/test_mate_certificates.py::test_all_exact_mates_are_reported_and_multi_mate_policy_never_leaves_wins
tests/test_mate_certificates.py::test_stalemate_draw_and_claimable_root_do_not_create_mate_certificates
tests/test_mate_certificates.py::test_certificate_scan_preserves_cached_board_and_full_history
tests/test_mate_certificates.py::test_nonterminal_nonmate_root_keeps_existing_search_schedule
tests/test_ownsearch_stage.py::test_schedule_before_outcomes_uses_separate_rng_and_both_parities
tests/test_ownsearch_stage.py::test_unknown_and_illegal_zero_gradient_terminal_white_black_pov
tests/test_ownsearch_stage.py::test_actual_e8_native_partial_rejection_and_unused_storage
tests/test_ownsearch_stage.py::test_real_fresh_process_two_vs_pause_one_resume_two_native_bytes[cpu]
tests/test_ownsearch_stage.py::test_real_fresh_process_two_vs_pause_one_resume_two_native_bytes[cuda:0]
tests/test_ownsearch_stage.py::test_rejected_pass_restores_model_adam_globals_and_both_sampler_rngs
tests/test_ownsearch_stage.py::test_closed_ledger_schedule_tamper_rejected
tests/test_ownsearch_stage.py::test_zero_search_selection_still_trains_fresh_known_outcomes
tests/test_ownsearch_stage.py::test_known_terminal_root_never_calls_network_both_movers[7k/6Q1/5K2/8/8/8/8/8 b - - 0 1]
tests/test_ownsearch_stage.py::test_known_terminal_root_never_calls_network_both_movers[8/8/8/8/8/5k2/6q1/7K w - - 0 1]
tests/test_ownsearch_stage.py::test_same_record_policy_CE_zero_ablation_changes_only_policy_term
tests/test_search_acting_stage.py::test_schedule_before_outcomes_uses_separate_rng_and_both_parities
tests/test_search_acting_stage.py::test_unknown_and_illegal_zero_gradient_terminal_white_black_pov
tests/test_search_acting_stage.py::test_actual_e8_native_partial_rejection_and_unused_storage
tests/test_search_acting_stage.py::test_real_fresh_process_two_vs_pause_one_resume_two_native_bytes[cpu]
tests/test_search_acting_stage.py::test_real_fresh_process_two_vs_pause_one_resume_two_native_bytes[cuda:0]
tests/test_search_acting_stage.py::test_rejected_pass_restores_model_adam_globals_and_both_sampler_rngs[cpu]
tests/test_search_acting_stage.py::test_rejected_pass_restores_model_adam_globals_and_both_sampler_rngs[cuda:0]
tests/test_search_acting_stage.py::test_closed_ledger_schedule_tamper_rejected
tests/test_search_acting_stage.py::test_zero_search_selection_still_trains_fresh_known_outcomes
tests/test_search_acting_stage.py::test_known_terminal_root_never_calls_network_both_movers[7k/6Q1/5K2/8/8/8/8/8 b - - 0 1]
tests/test_search_acting_stage.py::test_known_terminal_root_never_calls_network_both_movers[8/8/8/8/8/5k2/6q1/7K w - - 0 1]
tests/test_search_acting_stage.py::test_same_record_policy_CE_zero_ablation_changes_only_policy_term
tests/test_search_acting_stage.py::test_preaction_masked_search_and_actual_mu_raw_pi_archive
tests/test_search_acting_stage.py::test_v1_native_and_non_e8_fresh_rejected
tests/test_search_acting_stage.py::test_completed_own_outcomes_and_caps_use_rules_not_search_value
tests/test_search_acting_stage.py::test_real_e8_raw_reference_kl_zero_despite_search_mu_at_same_point02_gate
tests/test_ownsearch_cache8192.py::test_only_ownsearch_fresh_and_resume_before_validation_use8192
tests/test_ownsearch_cache8192.py::test_full_gumbel_e8_matches_source428_on_18_full_histories_and_draw_modes
tests/test_ownsearch_cache8192.py::test_old_and_cache_native_journals_all_rng_exact_and_fresh_resume[cpu]
tests/test_ownsearch_cache8192.py::test_old_and_cache_native_journals_all_rng_exact_and_fresh_resume[cuda:0]
tests/test_torch_array_encoder.py::test_all104_float32_storage_both_perspectives_history_and_rules[rnbqkbnr/pppppppp/8/8/8/8/PPPPPPPP/RNBQKBNR w KQkq - 0 1-e2e4 a7a6 e4e5 d7d5 e5d6]
tests/test_torch_array_encoder.py::test_all104_float32_storage_both_perspectives_history_and_rules[r3k2r/8/8/8/8/8/8/R3K2R w KQkq - 0 1-e1g1 e8c8]
tests/test_torch_array_encoder.py::test_all104_float32_storage_both_perspectives_history_and_rules[7k/P7/8/8/8/8/8/7K w - - 0 1-a7a8n]
tests/test_torch_array_encoder.py::test_all104_float32_storage_both_perspectives_history_and_rules[7k/8/8/8/8/8/8/R6K w - - 99 1-a1a2 h8g8]
tests/test_torch_array_encoder.py::test_all104_float32_storage_both_perspectives_history_and_rules[rnbqkbnr/pppppppp/8/8/8/8/PPPPPPPP/RNBQKBNR w KQkq - 0 1-g1f3 g8f6 f3g1 f6g8 g1f3 g8f6 f3g1 f6g8]
tests/test_torch_array_encoder.py::test_real_e8_masked_cpu_outputs_storage_and_rng_unchanged
tests/test_torch_array_encoder.py::test_private_array_learner_counterfactual_and_fresh_resume_all_payloads[cpu]
tests/test_torch_array_encoder.py::test_private_array_learner_counterfactual_and_fresh_resume_all_payloads[cuda:0]
tests/test_opening_validation_dedup.py::test_duplicate_metadata_still_validated[fen]
tests/test_opening_validation_dedup.py::test_duplicate_metadata_still_validated[root_ply]
tests/test_opening_validation_dedup.py::test_duplicate_metadata_still_validated[source_game]
tests/test_opening_validation_dedup.py::test_illegal_duplicate_not_cached_as_valid
tests/test_opening_validation_dedup.py::test_fullhistory_not_fen_identity_and_claim_repetition
tests/test_opening_validation_dedup.py::test_order_aliases_rng_restore_and_board_isolation
tests/test_opening_validation_dedup.py::test_invalid_root_is_not_hidden_by_other_valid_root
tests/test_opening_validation_dedup.py::test_duplicate_terminal_state_rejected
tests/test_opening_validation_dedup.py::test_duplicate_special_state_preserves_exact_legal_history[moves0]
tests/test_opening_validation_dedup.py::test_duplicate_special_state_preserves_exact_legal_history[moves1]
::test_independent_fullhistory_checker_reports_all_winning_moves_and_perspective
::test_claimable_draw_root_has_empty_certificate_inventory
::test_both_search_engines_honor_claim_draw_for_full_history
::test_corrupt_certified_root_receipt_mutations_are_rejected

59 tests collected in 1.25s
